// Jest Snapshot v1, https://goo.gl/fbAQLP

exports[`<LocalFoo /> works well for local components 1`] = `
.css-0,
[data-css-0] {
  font-weight: bold;
}

<Component>
  <p
    data-css-0=""
  >
    Some locally styled component
  </p>
</Component>
`;
